# 2026-10-04T19:59:27Z Linux 7.2.8-2-cachyos x86_64
rustc 1.98.1 (48a229cea 2026-09-01)
    Finished `release` profile [optimized + debuginfo] target(s) in 0.05s
pigment-prose 0.1.0 (wgpu 30.0.1); 2 adapter(s)
- NVIDIA GeForce RTX 4070 Ti
    backend=Vulkan type=Discrete software=false vendor=0x10de device=0x2782
    driver=NVIDIA (615.71.09)
    max_texture_dimension_2d=32768 max_buffer_size=4294967295 max_storage_buffer_binding_size=2147483644
    max_compute_workgroup_size=(1024,1024) max_compute_invocations_per_workgroup=1024 max_storage_textures_per_shader_stage=524288
- Intel(R) Graphics (RPL-S)
    backend=Vulkan type=Integrated software=false vendor=0x8086 device=0xa780
    driver=Intel open-source Mesa driver (Mesa 26.2.4-arch3.1)
    max_texture_dimension_2d=16384 max_buffer_size=2147483647 max_storage_buffer_binding_size=2147483644
    max_compute_workgroup_size=(1024,1024) max_compute_invocations_per_workgroup=1024 max_storage_textures_per_shader_stage=102
selected: NVIDIA GeForce RTX 4070 Ti (Vulkan)
pigment-prose 0.1.0 gpu-smoke
wgpu: 30.0.1
adapter: NVIDIA GeForce RTX 4070 Ti
    backend=Vulkan type=Discrete software=false vendor=0x10de device=0x2782
    driver=NVIDIA (615.71.09)
    max_texture_dimension_2d=32768 max_buffer_size=4294967295 max_storage_buffer_binding_size=2147483644
    max_compute_workgroup_size=(1024,1024) max_compute_invocations_per_workgroup=1024 max_storage_textures_per_shader_stage=524288
device limits requested: WebGPU defaults (max_texture_dimension_2d=8192)
device init + pipelines: 122.44 ms
scene: test card v4, seed 7, aspect 16:9, geometry checksum 11a3019b5cddf4a1
single tile 1920x1080: apron 9 px, 1 tile, GPU tile bytes 33612192, render+readback 4.84 ms, total 14.24 ms, fnv 97250fcf653e3692
repeat single tile: identical
Fixed { edge: 512 }: 4x3 tiles of 512x512, apron 9, GPU tile bytes 4344352, render+readback 5.91 ms, total 6.71 ms -> identical
Fixed { edge: 333 }: 6x4 tiles of 333x333, apron 9, GPU tile bytes 1940652, render+readback 5.90 ms, total 6.93 ms -> identical
Budget { gpu_bytes: 268435456, host_bytes: 268435456 }: 1x1 tiles of 1920x1080, apron 9, GPU tile bytes 33612192, render+readback 4.23 ms, total 5.33 ms -> identical
cancellation after tile 1 of 40: Cancelled { tiles_done: 1 }, sink aborted=true -> ok
preview 1280x720 test card, warm (n=20): median 2.46 ms, p95 2.92 ms
RESULT: PASS on NVIDIA GeForce RTX 4070 Ti (Vulkan)
   Compiling pigment-gpu v0.1.0 (/home/feoh/src/personal/pigment-prose/crates/pigment-gpu)
    Finished `release` profile [optimized + debuginfo] target(s) in 0.73s
     Running tests/gpu_hardware.rs (target/release/deps/gpu_hardware-42a5c8c215d69450)

running 18 tests
test cancellation_stops_at_the_next_tile_and_aborts_the_sink ... ok
test cloud_volume_ignores_flat_bands_and_responds_to_light ... ok
test compositing_matches_the_reference_model ... ok
test debug_layer_ids_match_the_cpu_rasterizer ... ok
test debug_views_are_identical_tiled_and_single ... ok
test every_season_is_identical_tiled_and_single_at_high_resolution ... ok
test impossible_tile_plan_is_an_error_not_a_crash ... ok
test midsummer_is_the_default_and_the_year_wraps ... ok
test output_is_opaque_and_repeatable ... ok
test paint_settings_change_pixels_but_not_the_scene ... ok
test painting_agrees_across_resolutions ... ok
test painting_is_identical_tiled_and_single ... ok
test painting_is_opaque_repeatable_and_varied ... ok
test painting_is_valid_at_setting_extremes ... ok
test relief_is_tile_order_independent_in_every_biome_and_orientation ... ok
test snow_only_grows_as_winter_deepens ... ok
test the_sky_and_clouds_stay_the_palettes_in_every_season ... ok
test tiled_output_is_byte_identical_to_single_tile ... ok

test result: ok. 18 passed; 0 failed; 0 ignored; 0 measured; 0 filtered out; finished in 26.18s

   Compiling pigment-io v0.1.0 (/home/feoh/src/personal/pigment-prose/crates/pigment-io)
    Finished `release` profile [optimized + debuginfo] target(s) in 0.61s
     Running tests/gpu_export.rs (target/release/deps/gpu_export-0c551de4e322e70f)

running 7 tests
test approved_recipes_repaint_identically_after_save_and_load ... GPU export suite on NVIDIA GeForce RTX 4070 Ti (Vulkan)
NVIDIA GeForce RTX 4070 Ti (Vulkan), renderer v5: 47 recipe round-trips checked; 0 historical hashes checked (requires compatible renderer + device). New rendering direction still requires human visual approval.
ok
test cancelled_export_leaves_the_old_file_and_no_partial ... ok
test custom_portrait_export_keeps_the_preview_composition ... 3000x4000 export, 3x4 tiles of 1000 px, apron 35: 338 ms (112 ms PNG), 13.5 MiB
600x800 preview vs 3000x4000 downsampled 5x: PSNR 29.6 dB
ok
test eight_k_export_keeps_the_preview_composition ... 7680x4320 export, 4x3 tiles of 2048 px, apron 50: 421 ms (187 ms PNG), 32.5 MiB
960x540 preview vs 8K downsampled 8x: PSNR 30.4 dB
ok
test impossible_budgets_and_bad_destinations_are_errors ... ok
test kept_prose_never_reaches_the_exported_png ... 1600x900 export, 1x1 tiles of 1600 px, apron 12: 19 ms (8 ms PNG), 2.1 MiB
ok
test tiled_png_export_equals_the_single_tile_render ... 1001x563 export, 4x3 tiles of 256 px, apron 0: 8 ms (4 ms PNG), 0.9 MiB
1001x563 export, 4x2 tiles of 333 px, apron 0: 6 ms (3 ms PNG), 0.9 MiB
1001x563 export, 1x1 tiles of 1001 px, apron 0: 5 ms (3 ms PNG), 0.9 MiB
1001x563 export, 4x3 tiles of 256 px, apron 8: 8 ms (3 ms PNG), 0.9 MiB
1001x563 export, 4x2 tiles of 333 px, apron 8: 7 ms (3 ms PNG), 0.9 MiB
1001x563 export, 1x1 tiles of 1001 px, apron 8: 5 ms (3 ms PNG), 0.9 MiB
1001x563 export, 4x3 tiles of 256 px, apron 17: 8 ms (3 ms PNG), 0.9 MiB
1001x563 export, 4x2 tiles of 333 px, apron 17: 7 ms (3 ms PNG), 0.9 MiB
1001x563 export, 1x1 tiles of 1001 px, apron 17: 5 ms (3 ms PNG), 0.9 MiB
1001x563 export, 4x3 tiles of 256 px, apron 0: 8 ms (3 ms PNG), 0.6 MiB
1001x563 export, 4x2 tiles of 333 px, apron 0: 6 ms (3 ms PNG), 0.6 MiB
1001x563 export, 1x1 tiles of 1001 px, apron 0: 5 ms (3 ms PNG), 0.6 MiB
1001x563 export, 4x3 tiles of 256 px, apron 8: 8 ms (3 ms PNG), 0.6 MiB
1001x563 export, 4x2 tiles of 333 px, apron 8: 7 ms (3 ms PNG), 0.6 MiB
1001x563 export, 1x1 tiles of 1001 px, apron 8: 5 ms (3 ms PNG), 0.6 MiB
1001x563 export, 4x3 tiles of 256 px, apron 17: 8 ms (3 ms PNG), 0.6 MiB
1001x563 export, 4x2 tiles of 333 px, apron 17: 7 ms (3 ms PNG), 0.6 MiB
1001x563 export, 1x1 tiles of 1001 px, apron 17: 5 ms (3 ms PNG), 0.6 MiB
1001x563 export, 4x3 tiles of 256 px, apron 0: 8 ms (3 ms PNG), 0.7 MiB
1001x563 export, 4x2 tiles of 333 px, apron 0: 7 ms (3 ms PNG), 0.7 MiB
1001x563 export, 1x1 tiles of 1001 px, apron 0: 5 ms (3 ms PNG), 0.7 MiB
1001x563 export, 4x3 tiles of 256 px, apron 8: 8 ms (3 ms PNG), 0.7 MiB
1001x563 export, 4x2 tiles of 333 px, apron 8: 7 ms (3 ms PNG), 0.7 MiB
1001x563 export, 1x1 tiles of 1001 px, apron 8: 5 ms (3 ms PNG), 0.7 MiB
1001x563 export, 4x3 tiles of 256 px, apron 17: 8 ms (3 ms PNG), 0.7 MiB
1001x563 export, 4x2 tiles of 333 px, apron 17: 7 ms (3 ms PNG), 0.7 MiB
1001x563 export, 1x1 tiles of 1001 px, apron 17: 6 ms (3 ms PNG), 0.7 MiB
ok

test result: ok. 7 passed; 0 failed; 0 ignored; 0 measured; 0 filtered out; finished in 27.60s

   Compiling pigment-gpu v0.1.0 (/home/feoh/src/personal/pigment-prose/crates/pigment-gpu)
   Compiling pigment-studio v0.1.0 (/home/feoh/src/personal/pigment-prose/crates/pigment-studio)
    Finished `release` profile [optimized + debuginfo] target(s) in 2.13s
     Running tests/gpu_preview.rs (target/release/deps/gpu_preview-e1c13ae84f1c6f99)

running 1 test
test a_request_storm_stays_bounded_and_ends_on_the_newest ... preview suite on NVIDIA GeForce RTX 4070 Ti (Vulkan)
1000 requests in 0.62 s: 69 jobs started, 24 painted, 45 cancelled; 24 shown, 0 stale dropped; scenes built 23 / reused 46
resident memory: 508.6 MiB before, 514.8 MiB after (growth 6.2 MiB)
ok

test result: ok. 1 passed; 0 failed; 0 ignored; 0 measured; 0 filtered out; finished in 25.21s

   Compiling pigment-studio v0.1.0 (/home/feoh/src/personal/pigment-prose/crates/pigment-studio)
    Finished `release` profile [optimized + debuginfo] target(s) in 2.09s
     Running unittests src/lib.rs (target/release/deps/pigment_studio-05c99b48a30b51ad)

running 1 test
wrote /home/feoh/src/personal/pigment-prose/crates/pigment-studio/../../target/studio-screens/01-launch.png
wrote /home/feoh/src/personal/pigment-prose/crates/pigment-studio/../../target/studio-screens/02-advanced-focus.png
wrote /home/feoh/src/personal/pigment-prose/crates/pigment-studio/../../target/studio-screens/03-unsaved-prompt.png
wrote /home/feoh/src/personal/pigment-prose/crates/pigment-studio/../../target/studio-screens/04-open-failed-and-earlier-settings.png
wrote /home/feoh/src/personal/pigment-prose/crates/pigment-studio/../../target/studio-screens/05-source-free-portrait-old-version.png
wrote /home/feoh/src/personal/pigment-prose/crates/pigment-studio/../../target/studio-screens/06-minimum-window.png
wrote /home/feoh/src/personal/pigment-prose/crates/pigment-studio/../../target/studio-screens/07-painting-only.png
wrote /home/feoh/src/personal/pigment-prose/crates/pigment-studio/../../target/studio-screens/08-export-dialog.png
wrote /home/feoh/src/personal/pigment-prose/crates/pigment-studio/../../target/studio-screens/09-exporting.png
wrote /home/feoh/src/personal/pigment-prose/crates/pigment-studio/../../target/studio-screens/10-exported.png
test ui_tests::review_screens ... ok

test result: ok. 1 passed; 0 failed; 0 ignored; 0 measured; 55 filtered out; finished in 29.19s

   Compiling pigment-studio v0.1.0 (/home/feoh/src/personal/pigment-prose/crates/pigment-studio)
    Finished `release` profile [optimized + debuginfo] target(s) in 0.91s
     Running tests/qualification.rs (target/release/deps/qualification-6bf5a765efbae5f6)

running 8 tests
test approved_recipes_go_from_scene_to_preview_to_a_tiled_png ... qualification on NVIDIA GeForce RTX 4070 Ti (Vulkan)
corpus-16x9 1: 3840×2160 export, 4× downsampled vs 960 preview PSNR 30.4 dB
corpus-9x16 3: 2160×3840 export, 4× downsampled vs 960 preview PSNR 29.1 dB
corpus-1x1 5: 3840×3840 export, 4× downsampled vs 960 preview PSNR 32.7 dB
ok
test brush_and_texture_scale_hold_at_two_resolutions ... corpus-16x9 4: 1920×1080 vs 2×: PSNR 34.4 dB, coarse 45.5 dB, texture energy 7.61 vs 6.86 (×0.90)
corpus-1x1 7: 1920×1920 vs 2×: PSNR 32.2 dB, coarse 47.4 dB, texture energy 10.03 vs 8.96 (×0.89)
ok
test desert_recipe_reopens_and_tiled_export_matches_single ... ok
test jungle_preview_and_8k_export_performance_is_recorded ... jungle preview 960×540: 0.00s; 8K tiled export: 0.33s, 12 tiles, 31.7 MiB PNG, RSS delta 0.0 MiB
ok
test jungle_recipe_reopens_source_free_and_tiled_export_matches_single ... ok
test repeated_exports_with_previews_stay_bounded ... 25 exports and 580 preview requests: resident memory +3.3 MiB after warm-up
ok
test tile_boundaries_show_no_seams ... seams: max |tiled − single| 0/255 in 84120 boundary-band pixels, 0/255 inside; boundary step 2.57 vs 2.91 everywhere (×0.89)
ok
test tundra_recipe_reopens_and_winter_tiled_export_matches_single ... ok

test result: ok. 8 passed; 0 failed; 0 ignored; 0 measured; 0 filtered out; finished in 27.36s

    Finished `release` profile [optimized + debuginfo] target(s) in 0.09s
     Running unittests src/lib.rs (target/release/deps/pigment_studio-05c99b48a30b51ad)

running 1 test
export suite on NVIDIA GeForce RTX 4070 Ti (Vulkan)
8K export from the studio: 310 ms, 54 slider values while it ran
test ui_tests::the_studio_exports_a_real_8k_png_of_the_snapshot ... ok

test result: ok. 1 passed; 0 failed; 0 ignored; 0 measured; 55 filtered out; finished in 0.95s

